// Jest Snapshot v1, https://goo.gl/fbAQLP

exports[`About component renders correctly 1`] = `
<div
  className="container"
>
  <div
    className="container"
  >
    <div
      className="container"
    >
      <h2
        className="container__title"
      >
        <div>
          <span>
            O serwisie
          </span>
        </div>
      </h2>
      <div
        className="wrapper"
      >
        <p
          className="wrapper__description"
        >
          
        </p>
        <div
          className="nav"
        >
          <a
            className="back"
            href="/"
            onClick={[Function]}
          >
            <i
              className="icon-left-big"
            />
            Strona główna
          </a>
        </div>
        <div
          className="message"
        >
          <h3>
            Po co jest ten serwis?
          </h3>
          <p
            className="text"
          >
            Serwis 
            <strong>
              Polski Front-End
            </strong>
             powstał w celu zebrania w jednym miejscu jak największej liczby stron, serwisów oraz blogów na temat szeroko rozumianego front-end developmentu. Co ważne, wszystkie zgromadzone tutaj serwisy tworzone są 
            <strong>
              w języku polskim
            </strong>
            !
          </p>
          <p
            className="text"
          >
            Autorem tej strony jestem ja, czyli 
            <strong>
              Bartek Dybowski
            </strong>
            . Oprócz tego serwisu prowadzę również bloga 
            <a
              href="https://nafrontendzie.pl"
              target="_blank"
              title="Na Frontendzie"
            >
              Na Frontendzie
            </a>
            , na którym piszę na temat technologii webowych (a także świata IT ogólnie). Temat ten jest mi więc szczególnie bliski i stąd właśnie pomysł na stworzenie tego serwisu.
          </p>
          <p
            className="text"
          >
            Podstawowym założeniem "Polskiego Front-Endu" było zebranie tutaj 
            <strong>
              całych blogów
            </strong>
            , a nie pojedynczych artykułów. Z tego powodu selekcji treści mogę dokonywać jedynie na etapie dodawania danej strony do serwisu. Jako, że nie każdy pisze tylko i wyłącznie o front-endzie, to czasem może się tutaj pojawić wpis na temat, na przykład, PHP... Wydaje mi się jednak, że każdy blog czy strona, która pisze 
            <strong>
              dużo o front-endzie
            </strong>
            , czy ogólniej o web developmencie, zasługuje by się tutaj znaleźć... Nawet jeśli front-end to nie jedyny poruszany tam temat.
          </p>
          <p
            className="text"
          >
            Jeżeli więc znasz (lub sam prowadzisz) jakiś blog, serwis lub stronę w 
            <strong>
              języku polskim
            </strong>
            , której tutaj nie ma, a uważasz, że powinna się tu znaleźć - 
            <strong>
              zapraszam do zgłoszenia
            </strong>
             go przez specjalnie do tego celu 
            <a
              href="/zglos-serwis"
              onClick={[Function]}
            >
              przygotowany formularz
            </a>
            . Obiecuję, że przejrzę każde zgłoszenie i jeśli uznam, że dana strona się nadaje - dodam ją do serwisu!
          </p>
          <p
            className="text"
          >
            A jeśli podoba Ci się moja idea i sam prowadzisz bloga o front-endzie, to oprócz zgłoszenia zachęcam również, do 
            <strong>
              polecania tej strony
            </strong>
             swoim czytelnikom! Im większy ruch tutaj 
            <strong>
              tym większy ruch do Twojego bloga
            </strong>
            ...
          </p>
        </div>
      </div>
    </div>
  </div>
</div>
`;
